diff --git a/Makefile b/Makefile
index c592ec4..54f692f 100644
--- a/Makefile
+++ b/Makefile
@@ -14,7 +14,7 @@ HEADERS = colors.hpp container.hpp debug.hpp Request.hpp settings.hpp utils.hpp
 					Client.hpp ManageClients.hpp Response.hpp Server.hpp utils.hpp WebServExceptions.hpp
 
 F_SRCS = request.cpp utils.cpp response.cpp exceptions.cpp
-F_SERVER = server.cpp client.cpp manageClients.cpp server_utils.cpp
+F_SERVER = server.cpp client.cpp manageClients.cpp server_utils.cpp server_read.cpp server_write.cpp
 
 SRCS = main.cpp $(F_SERVER) $(F_SRCS) 
 
diff --git a/includes/Server.hpp b/includes/Server.hpp
index a64e55b..da1e284 100644
--- a/includes/Server.hpp
+++ b/includes/Server.hpp
@@ -38,6 +38,7 @@ class Server {
 
     // read headers
     void readheaders(Client *cl);
+
     // new connection
     void newconnection(socklen_t size_socket);
     // i/o
@@ -46,6 +47,7 @@ class Server {
     bool createTmpFile(Client *cl);
     void  readFromSocket(Client *cl);
     void  readFromSocket(Client *cl, int);
+    void sendFromFile(Client *cl, int file_fd);
     
     //create socket 
     void run(); // create socket and start listning
diff --git a/src/request/request.cpp b/src/request/request.cpp
index 160ad20..3bbd80f 100644
--- a/src/request/request.cpp
+++ b/src/request/request.cpp
@@ -2,7 +2,7 @@
 #include <cstddef>
 #include <string>
 
-Request::Request():_tmp_fd(-1), _tmp_file_name(""), _bytes_counter(0),_is_request_large(false)
+Request::Request():_content_size(0), _tmp_fd(-1), _tmp_file_name(""), _bytes_counter(0),_is_request_large(false)
 {}
 
 Request::Request(const Request &other) : _path(other._path), _version(other._version), _method(other._method), _headers(other._headers) {};
@@ -213,7 +213,8 @@ void Request::requestParser(const std::string &raw)
 
   _parseFirstLine(lines);
   _parseAllHeaders(lines);
-  if (!to_integer<std::string, size_t>(getHeaderValue("Content-Length"), _content_size))
+  // NOTE: importent to add request methods that have body here like "put" if you use it
+  if (_method == "POST" && !to_integer<std::string, size_t>(getHeaderValue("Content-Length"), _content_size))
   {
     DEBUG_ERROR("request parser: invalid Content-Length");
     throw RequestException("400 Bad Request");
diff --git a/src/server/server.cpp b/src/server/server.cpp
index bd808a0..1c3f541 100644
--- a/src/server/server.cpp
+++ b/src/server/server.cpp
@@ -9,9 +9,7 @@ Server::Server()
   _epoll_event.events = EPOLLIN;
 }
 
-Server::~Server()
-{
-  close(_socket_fd);
+Server::~Server() { close(_socket_fd);
 }
 
 void Server::run()
diff --git a/src/server/server_utils.cpp b/src/server/server_utils.cpp
index 74df43c..bb4e7a6 100644
--- a/src/server/server_utils.cpp
+++ b/src/server/server_utils.cpp
@@ -1,5 +1,6 @@
 
 #include "../../includes/container.hpp"
+#include <cstddef>
 #include <exception>
 #include <fcntl.h>
 
@@ -21,86 +22,7 @@ void Server::_switchEpollRegisration(int client_fd, uint32_t ev)
   _epoll_event.events = ev;
 }
 
-void Server::readheaders(Client *cl)
-{
-  /*
-  read client headers
-  n = read(fd, buf, sizeof(buf))
-   user close connection n == 0  → EOF       → disconnect()
-   error with socket or internet conneciton n == -1 → error     → disconnect()
-   n > 0   → got data  → check client state:
-  READING_HEADERS:
-    append buf to client.header_buffer
-    scan for "\r\n\r\n"
-    if not found → stay in READING_HEADERS (wait for more data)
-    if found →
-      send headers to your parsing teammate
-      check method:
-        DELETE → transition to PROCESSING GET    → transition to PROCESSING
-        POST   → transition to READING_BODY
-  */
-  // read from user client socket
-  //
-  // read to the line before \r\n\r\n 
-  char tmp[BUF_SIZE]; // 8kb
-  size_t pos = 0;
-  //TODO: how about if user sending one byte by one byte
-  int bytes = recv(cl->getFd(), tmp, BUF_SIZE, 0);
-  if (bytes <= 0)
-  {
-    DEBUG_WARN("error with recv in reading headers, or client discoonect");
-    _clients.disconnect(cl->getFd());
-    return ;
-  }
-  cl->appendToReadBuffer(tmp, bytes);
-  pos = cl->getReadBuffer().find("\r\n\r\n");
-  if ( pos == std::string::npos)
-  {
-      if (cl->getReadBuffer().size() > MAX_HEADER_SIZE)
-      {
-        DEBUG_ERROR("headers is to large, more then 16kb");
-        //TODO: send error 431 to client 
-        // 431 Request Header Fields Too Large
-        _clients.disconnect(cl->getFd());
-      }
-    // stay in reading headers and move to next client
-    return;
-  }
-  if (pos < 1)
-  {
-    DEBUG_ERROR("Empty request");
-    // TODO: send bad request
-    _clients.disconnect(cl->getFd());
-    return;
-  }
-  std::string headers = cl->getReadBuffer().substr(0, pos);
-  //std::cout << headers << std::endl;
-  cl->setReadBuffer(cl->getReadBuffer().substr(pos+4));
-  DEBUG_INFO("Request");
-  std::cout << headers << std::endl;
-  try {
-    req.requestParser(headers);
-  } catch (const std::exception &e)
-  {
-    std::cerr << ERROR_MSG << "request 1: "<< e.what() << std::endl;
-    // TODO: send bad request
-  }
-  if (req.getMethod() == "POST")
-  {
-    if (cl->getReadBuffer().size() >= req.getContentLen())
-    {
-      cl->setState(PROCESSING);
-      return;
-    }
-    cl->setState(READING_BODY);
-    req.setIsRequestLarge(req.getContentLen() > USE_TMP_SIZE);
-    if (req.isRequsetLarge())
-      if (!this->createTmpFile(cl))
-        _clients.disconnect(cl->getFd());
-  }
-  else
-    cl->setState(PROCESSING);
-}
+
 
 void Server::newconnection(socklen_t size_socket)
 {
@@ -113,68 +35,6 @@ void Server::newconnection(socklen_t size_socket)
   this->_addClient(client_fd);
 }
 
-void Server::readrequest(Client *cl)
-{
-  if (cl->getState() == READING_HEADERS)
-    this->readheaders(cl);
-  if (cl->getState() == READING_BODY) 
-  {
-    if (req.isRequsetLarge())
-      readFromSocket(cl);
-    else
-      readFromSocket(cl, 0);
-  }
-  if (
-      cl->getState() == PROCESSING 
-      || cl->getState() == SENDING 
-      || cl->getState() == DONE
-      )
-  {
-  _switchEpollRegisration(cl->getFd(),EPOLLOUT);
-  epoll_ctl(_epoll_fd, EPOLL_CTL_MOD, cl->getFd(), &_epoll_event);
-  }
-}
-
-void Server::sendresponse(Client *cl)
-{
-  if (cl->getState() == PROCESSING)
-  {
-    /*EPOLLOUT fires on client_fd:
-    TODO: PROCESSING:
-    build response headers
-    DELETE → execute delete, transition to RESPONDING
-    GET    → find file, transition to RESPONDING
-    POST   → move tmp_file to final location, transition to RESPONDING
-    
-    RESPONDING:
-      DELETE/POST → response is small, write once → transition to DONE
-      GET →
-        read next chunk from file
-        write chunk to socket
-        if more chunks → stay in RESPONDING
-        if file done   → transition to DONE
-
-    DONE:
-       disconnect()
-    DEBUG_INFO("Body");
-    if (!req.isRequsetLarge())
-      std::cout << cl->getReadBuffer() << std::endl;
-  */
-
-    DEBUG_INFO("Response");
-    Response res(req);
-    cl->setWriteBuffer(res.build());
-    cl->setState(SENDING);
-  }
-  else if (cl->getState() == SENDING)
-  {
-    DEBUG_INFO("SENDING response");
-    std::cout << cl->getWriteBuffer() << std::endl;
-    // send data to client and close connection after done
-    send(cl->getFd(), cl->getWriteBuffer().c_str(), cl->getWriteBuffer().length(), 0);
-    cl->setState(DONE); 
-  }
-}
 
 bool Server::createTmpFile(Client *cl)
 {
@@ -191,46 +51,3 @@ bool Server::createTmpFile(Client *cl)
   cl->clearReadBuffer();
   return true;
 }
-
-void  Server::readFromSocket(Client *cl)
-{
-  /* READING_BODY:
-  write chunk to client.tmp_file (random.tmp)
-  client.bytes_read += n
-  if bytes_read < Content-Length → stay in READING_BODY
-  if bytes_read == Content-Length →
-    close tmp_file
-    transition to PROCESSING
-  */
-  // register client as EPOLLOUT using epoll_ctl(MOD)
-  std::cout << req.getBytesCounter() << std::endl;
-  char buf[CHUNK_SIZE];
-  // read from socket the chunk size
-  int bytes = recv(cl->getFd(), buf, CHUNK_SIZE, 0);
-  if (bytes <= 0)
-  {
-    DEBUG_WARN("readFromSocket: error with recv in reading headers, or client discoonect");
-    _clients.disconnect(cl->getFd());
-    return ;
-  }
-  req.incrementBytesCounter(bytes);
-  write(req.getTmpFd(), buf, bytes);
-  if (req.getBytesCounter() >= req.getContentLen())
-    cl->setState(PROCESSING);
-}
-
-void  Server::readFromSocket(Client *cl, int)
-{
-  char buf[CHUNK_SIZE];
-  int bytes = recv(cl->getFd(), buf, CHUNK_SIZE, 0);
-  if (bytes <= 0)
-  {
-    DEBUG_WARN("readFromSocket: error with recv in reading headers, or client discoonect");
-    _clients.disconnect(cl->getFd());
-    return ;
-  }
-  // put in the readbuffer
-  cl->appendToReadBuffer(buf, bytes);
-  if (cl->getReadBuffer().size() >= req.getContentLen())
-    cl->setState(PROCESSING);
-}
